// Jest Snapshot v1, https://goo.gl/fbAQLP

exports[`Comment Post displays comment 1`] = `
<div
  className="post"
>
  Hello
   
  <br />
   (posted at 
  Today
  )
</div>
`;
